// Vitest Snapshot v1, https://vitest.dev/guide/snapshot.html

exports[`Map Shares and Downloads > Map Shares > should create a map share 1`] = `
{
  "bounds": [
    5.625,
    45.08903556483103,
    16.875,
    48.922499263758255,
  ],
  "estimatedSizeBytes": 1579429,
  "mapId": "custom",
  "mapName": "OSM Bright",
  "maxzoom": 6,
  "minzoom": 0,
  "receiverDeviceId": "8a88e3dd7409f195fd52db2d3cba5d72ca6709bf1d94121bf3748801b40f6f5c",
  "status": "pending",
}
`;
